CSR-10-CE-ASN-10#!
CSR-10-CE-ASN-10#
CSR-10-CE-ASN-10#
CSR-10-CE-ASN-10#
CSR-10-CE-ASN-10#
CSR-10-CE-ASN-10#
CSR-10-CE-ASN-10#
CSR-10-CE-ASN-10#
CSR-10-CE-ASN-10#sh run
Building configuration...

Current configuration : 1663 bytes
!
! Last configuration change at 20:08:23 UTC Sat Oct 31 2020
!
version 16.6
service timestamps debug datetime msec
service timestamps log datetime msec
platform qfp utilization monitor load 80
no platform punt-keepalive disable-kernel-core
platform console serial
!
hostname CSR-10-CE-ASN-10
!
boot-start-marker
boot-end-marker
!
!
!
no aaa new-model
!
!
!
!
!
!
!
no ip domain lookup
!
!
!
no login on-success log
!
!
!
!
!
!
!
subscriber templating
! 
! 
! 
! 
!
ipv6 unicast-routing
!
!
multilink bundle-name authenticated
!
!
!
!
!
crypto pki trustpoint TP-self-signed-1279934213
 enrollment selfsigned
 subject-name cn=IOS-Self-Signed-Certificate-1279934213
 revocation-check none
 rsakeypair TP-self-signed-1279934213
!
!
crypto pki certificate chain TP-self-signed-1279934213
!
!
!
!
!
!
!
!
!
license udi pid CSR1000V sn 99YLX3A7NGT
diagnostic bootup level minimal
spanning-tree extend system-id
!
!
!
!
redundancy
!
!
!
!
!
!
! 
!
!
!
!
!
!
!
!
!
!
!
!
! 
! 
!
!
interface Loopback0
 ip address 10.10.10.10 255.255.255.255
 ipv6 address 2001::10/128
!
interface GigabitEthernet1
 no ip address
 negotiation auto
 no mop enabled
 no mop sysid
!
interface GigabitEthernet1.210
 encapsulation dot1Q 210
 ip address 10.2.10.10 255.255.255.0
 ipv6 address 2001:2:10::10/64
!
router bgp 8914
 bgp log-neighbor-changes
 network 10.10.10.10 mask 255.255.255.255
 neighbor 10.2.10.2 remote-as 1
 neighbor 10.2.10.2 allowas-in
!
!
virtual-service csr_mgmt
!
ip forward-protocol nd
ip http server
ip http authentication local
ip http secure-server
!
!
!
!
!
!
control-plane
!
!
!
!
!
!
line con 0
 exec-timeout 0 0
 stopbits 1
line vty 0 4
 login
!
!
!
!
!
!
end

CSR-10-CE-ASN-10#
CSR-10-CE-ASN-10#
CSR-10-CE-ASN-10#
CSR-10-CE-ASN-10#
CSR-10-CE-ASN-10#
CSR-10-CE-ASN-10#
CSR-10-CE-ASN-10#
CSR-10-CE-ASN-10#
CSR-10-CE-ASN-10#
CSR-10-CE-ASN-10#
CSR-10-CE-ASN-10#
CSR-10-CE-ASN-10#
CSR-10-CE-ASN-10#sh ip int bri
Interface              IP-Address      OK? Method Status                Protocol
GigabitEthernet1       unassigned      YES unset  up                    up      
GigabitEthernet1.210   10.2.10.10      YES TFTP   up                    up      
Loopback0              10.10.10.10     YES TFTP   up                    up      
CSR-10-CE-ASN-10#
CSR-10-CE-ASN-10#
CSR-10-CE-ASN-10#
CSR-10-CE-ASN-10#
CSR-10-CE-ASN-10#
CSR-10-CE-ASN-10#
CSR-10-CE-ASN-10#
CSR-10-CE-ASN-10#
CSR-10-CE-ASN-10#
CSR-10-CE-ASN-10#
CSR-10-CE-ASN-10#
CSR-10-CE-ASN-10#
CSR-10-CE-ASN-10#
CSR-10-CE-ASN-10#
CSR-10-CE-ASN-10#
CSR-10-CE-ASN-10#show bgp ipv4 unicast summary
BGP router identifier 10.10.10.10, local AS number 8914
BGP table version is 17, main routing table version 17
4 network entries using 992 bytes of memory
4 path entries using 544 bytes of memory
2/2 BGP path/bestpath attribute entries using 560 bytes of memory
1 BGP AS-PATH entries using 40 bytes of memory
0 BGP route-map cache entries using 0 bytes of memory
0 BGP filter-list cache entries using 0 bytes of memory
BGP using 2136 total bytes of memory
BGP activity 8/4 prefixes, 9/5 paths, scan interval 60 secs

Neighbor        V           AS MsgRcvd MsgSent   TblVer  InQ OutQ Up/Down  State/PfxRcd
10.2.10.2       4            1      69      69       17    0    0 00:57:06        3
CSR-10-CE-ASN-10#
CSR-10-CE-ASN-10#
CSR-10-CE-ASN-10#
CSR-10-CE-ASN-10#
CSR-10-CE-ASN-10#
CSR-10-CE-ASN-10#
CSR-10-CE-ASN-10#
CSR-10-CE-ASN-10#
CSR-10-CE-ASN-10#
CSR-10-CE-ASN-10#
CSR-10-CE-ASN-10#
CSR-10-CE-ASN-10#
CSR-10-CE-ASN-10#
CSR-10-CE-ASN-10#
CSR-10-CE-ASN-10#
CSR-10-CE-ASN-10#show bgp ipv4 unicast
BGP table version is 17, local router ID is 10.10.10.10
Status codes: s suppressed, d damped, h history, * valid, > best, i - internal, 
              r RIB-failure, S Stale, m multipath, b backup-path, f RT-Filter, 
              x best-external, a additional-path, c RIB-compressed, 
              t secondary path, 
Origin codes: i - IGP, e - EGP, ? - incomplete
RPKI validation codes: V valid, I invalid, N Not found

     Network          Next Hop            Metric LocPrf Weight Path
 *>   8.8.8.8/32       10.2.10.2                              0 1 8914 ?
 *>   9.9.9.9/32       10.2.10.2                              0 1 8914 ?
 *>   10.10.10.10/32   0.0.0.0                  0         32768 i
 *>   14.14.14.14/32   10.2.10.2                              0 1 8914 ?
CSR-10-CE-ASN-10#
CSR-10-CE-ASN-10#
CSR-10-CE-ASN-10#
CSR-10-CE-ASN-10#
CSR-10-CE-ASN-10#
CSR-10-CE-ASN-10#
CSR-10-CE-ASN-10#
CSR-10-CE-ASN-10#
CSR-10-CE-ASN-10#
CSR-10-CE-ASN-10#
CSR-10-CE-ASN-10#
CSR-10-CE-ASN-10#
CSR-10-CE-ASN-10#
CSR-10-CE-ASN-10#
CSR-10-CE-ASN-10#
CSR-10-CE-ASN-10#
CSR-10-CE-ASN-10#
CSR-10-CE-ASN-10#
CSR-10-CE-ASN-10#
CSR-10-CE-ASN-10#
CSR-10-CE-ASN-10#
CSR-10-CE-ASN-10#
CSR-10-CE-ASN-10#
CSR-10-CE-ASN-10#
CSR-10-CE-ASN-10#sh ip route
Codes: L - local, C - connected, S - static, R - RIP, M - mobile, B - BGP
       D - EIGRP, EX - EIGRP external, O - OSPF, IA - OSPF inter area 
       N1 - OSPF NSSA external type 1, N2 - OSPF NSSA external type 2
       E1 - OSPF external type 1, E2 - OSPF external type 2
       i - IS-IS, su - IS-IS summary, L1 - IS-IS level-1, L2 - IS-IS level-2
       ia - IS-IS inter area, * - candidate default, U - per-user static route
       o - ODR, P - periodic downloaded static route, H - NHRP, l - LISP
       a - application route
       + - replicated route, % - next hop override, p - overrides from PfR

Gateway of last resort is not set

      8.0.0.0/32 is subnetted, 1 subnets
B        8.8.8.8 [20/0] via 10.2.10.2, 00:56:43
      9.0.0.0/32 is subnetted, 1 subnets
B        9.9.9.9 [20/0] via 10.2.10.2, 00:56:43
      10.0.0.0/8 is variably subnetted, 3 subnets, 2 masks
C        10.2.10.0/24 is directly connected, GigabitEthernet1.210
L        10.2.10.10/32 is directly connected, GigabitEthernet1.210
C        10.10.10.10/32 is directly connected, Loopback0
      14.0.0.0/32 is subnetted, 1 subnets
B        14.14.14.14 [20/0] via 10.2.10.2, 00:56:43
CSR-10-CE-ASN-10#
CSR-10-CE-ASN-10#
CSR-10-CE-ASN-10#
CSR-10-CE-ASN-10#
CSR-10-CE-ASN-10#
CSR-10-CE-ASN-10#
CSR-10-CE-ASN-10#
CSR-10-CE-ASN-10#
CSR-10-CE-ASN-10#
CSR-10-CE-ASN-10#
CSR-10-CE-ASN-10#
CSR-10-CE-ASN-10#
CSR-10-CE-ASN-10#
CSR-10-CE-ASN-10#show ip ospf neighbor
CSR-10-CE-ASN-10#
CSR-10-CE-ASN-10#
CSR-10-CE-ASN-10#
CSR-10-CE-ASN-10#
CSR-10-CE-ASN-10#
CSR-10-CE-ASN-10#
CSR-10-CE-ASN-10#
CSR-10-CE-ASN-10#
CSR-10-CE-ASN-10#
CSR-10-CE-ASN-10#
CSR-10-CE-ASN-10#
CSR-10-CE-ASN-10#
CSR-10-CE-ASN-10#
CSR-10-CE-ASN-10#
CSR-10-CE-ASN-10#
CSR-10-CE-ASN-10#traceroute 7.7.7.7 source loopback 0
Type escape sequence to abort.
Tracing the route to 7.7.7.7
VRF info: (vrf in name/id, vrf out name/id)
  1 
CSR-10-CE-ASN-10#
CSR-10-CE-ASN-10#
CSR-10-CE-ASN-10#
CSR-10-CE-ASN-10#
CSR-10-CE-ASN-10#
CSR-10-CE-ASN-10#
CSR-10-CE-ASN-10#
CSR-10-CE-ASN-10#
CSR-10-CE-ASN-10#
CSR-10-CE-ASN-10#
CSR-10-CE-ASN-10#
CSR-10-CE-ASN-10#tra
CSR-10-CE-ASN-10#traceroute 8.8.8.8 so
CSR-10-CE-ASN-10#traceroute 8.8.8.8 source loo
CSR-10-CE-ASN-10#traceroute 8.8.8.8 source loopback 0
Type escape sequence to abort.
Tracing the route to 8.8.8.8
VRF info: (vrf in name/id, vrf out name/id)
  1 10.2.10.2 16 msec 23 msec 18 msec
  2 10.1.2.1 [MPLS: Labels 25/24000 Exp 0] 101 msec 61 msec 57 msec
  3 10.1.11.11 [MPLS: Labels 24007/24000 Exp 0] 63 msec 98 msec 83 msec
  4 10.11.12.12 [MPLS: Labels 24010/24000 Exp 0] 66 msec 54 msec 64 msec
  5 10.12.13.13 [MPLS: Label 24000 Exp 0] 79 msec 57 msec 73 msec
  6 10.13.14.14 72 msec 64 msec 68 msec
  7 10.9.14.9 95 msec 73 msec 80 msec
  8 10.8.9.8 86 msec *  95 msec
CSR-10-CE-ASN-10#
CSR-10-CE-ASN-10#
CSR-10-CE-ASN-10#
CSR-10-CE-ASN-10#
CSR-10-CE-ASN-10#
CSR-10-CE-ASN-10#
CSR-10-CE-ASN-10#
CSR-10-CE-ASN-10#
CSR-10-CE-ASN-10#
CSR-10-CE-ASN-10#
CSR-10-CE-ASN-10#wr
Building configuration...
[OK]
CSR-10-CE-ASN-10#!
CSR-10-CE-ASN-10#
CSR-10-CE-ASN-10#
CSR-10-CE-ASN-10#terminal length 0
CSR-10-CE-ASN-10#more system:running-config
!
! Last configuration change at 20:08:23 UTC Sat Oct 31 2020
!
version 16.6
service timestamps debug datetime msec
service timestamps log datetime msec
platform qfp utilization monitor load 80
no platform punt-keepalive disable-kernel-core
platform console serial
!
hostname CSR-10-CE-ASN-10
!
boot-start-marker
boot-end-marker
!
!
!
no aaa new-model
!
!
!
!
!
!
!
no ip domain lookup
!
!
!
no login on-success log
!
!
!
!
!
!
!
subscriber templating
! 
! 
! 
! 
!
ipv6 unicast-routing
!
!
multilink bundle-name authenticated
!
!
!
!
!
crypto pki trustpoint TP-self-signed-1279934213
 enrollment selfsigned
 subject-name cn=IOS-Self-Signed-Certificate-1279934213
 revocation-check none
 rsakeypair TP-self-signed-1279934213
!
!
crypto pki certificate chain TP-self-signed-1279934213
!
!
!
!
!
!
!
!
!
license udi pid CSR1000V sn 99YLX3A7NGT
diagnostic bootup level minimal
spanning-tree extend system-id
!
!
!
!
redundancy
!
!
!
!
!
!
! 
!
!
!
!
!
!
!
!
!
!
!
!
! 
! 
!
!
interface Loopback0
 ip address 10.10.10.10 255.255.255.255
 ipv6 address 2001::10/128
!
interface GigabitEthernet1
 no ip address
 negotiation auto
 no mop enabled
 no mop sysid
!
interface GigabitEthernet1.210
 encapsulation dot1Q 210
 ip address 10.2.10.10 255.255.255.0
 ipv6 address 2001:2:10::10/64
!
router bgp 8914
 bgp log-neighbor-changes
 network 10.10.10.10 mask 255.255.255.255
 neighbor 10.2.10.2 remote-as 1
 neighbor 10.2.10.2 allowas-in
!
!
virtual-service csr_mgmt
!
ip forward-protocol nd
ip http server
ip http authentication local
ip http secure-server
!
!
!
!
!
!
control-plane
!
!
!
!
!
!
line con 0
 exec-timeout 0 0
 stopbits 1
line vty 0 4
 login
!
!
!
!
!
!
end

CSR-10-CE-ASN-10#quit





























































CSR-10-CE-ASN-10 con0 is now available





Press RETURN to get started.










